## This file was generated by Orca_Driver (v1.01.00a-adp, 22-Apr-2015) on 22-Sep-2015 at 15:20:24.
# 
#   TDxi         TDyi         TDzi         RDxi         RDyi         RDzi         TVxi         TVyi         TVzi         RVxi         RVyi         RVzi         Fxi          Fyi          Fzi          Mxi          Myi          Mzi
#   (m)          (m)          (m)          (deg)        (deg)        (deg)        (m/s)        (m/s)        (m/s)        (deg/s)      (deg/s)      (deg/s)      (kN)         (kN)         (kN)        (kN m)       (kN m)       (kN m)
 1.000E+00    0.000E+00    0.000E+00    0.000E+00    5.000E+00    0.000E+00    0.000E+00    0.000E+00    0.000E+00    0.000E+00    0.000E+00    0.000E+00   -4.112E+03    6.618E-11    1.374E+05   -1.613E-09    1.708E+04   -1.043E-10
