## This file was generated by Orca_Driver (v1.01.00a-adp, 22-Apr-2015) on 02-Sep-2015 at 10:09:40.
# 
#       TDxi             TDyi             TDzi             RDxi             RDyi             RDzi             TVxi             TVyi             TVzi             RVxi             RVyi             RVzi             Fxi              Fyi              Fzi              Mxi              Myi              Mzi
#       (m)              (m)              (m)              (deg)            (deg)            (deg)            (m/s)            (m/s)            (m/s)            (deg/s)          (deg/s)          (deg/s)          (kN)             (kN)             (kN)            (kN m)           (kN m)           (kN m)
     1.0000000        0.0000000        0.0000000        0.0000000        4.9999995        0.0000000        0.0000000        0.0000000        0.0000000        0.0000000        0.0000000        0.0000000        0.0000000        0.0000000        0.0000000        0.0000000        0.0000000        0.0000000
